******************************************************************************
                     PRU Linker Unix v2.1.3                    
******************************************************************************
>> Linked Fri Dec 23 20:35:58 2016

OUTPUT FILE NAME:   <gen/pru1_pixel_driver.out>
ENTRY POINT SYMBOL: "_c_int00_noinit_noargs_noexit"  address: 00000000


MEMORY CONFIGURATION

         name            origin    length      used     unused   attr    fill
----------------------  --------  ---------  --------  --------  ----  --------
PAGE 0:
  PRU_IMEM              00000000   00002000  00000530  00001ad0  RWIX

PAGE 1:
  PRU_DMEM_0_1          00000000   00002000  0000015c  00001ea4  RWIX
  PRU_DMEM_1_0          00002000   00002000  00002000  00000000  RWIX

PAGE 2:
  PRU_SHAREDMEM         00010000   00003000  00002800  00000800  RWIX
  PRU_INTC              00020000   00001504  00001504  00000000  RWIX
  PRU_CFG               00026000   00000044  00000044  00000000  RWIX
  PRU_UART              00028000   00000038  00000000  00000038  RWIX
  PRU_IEP               0002e000   0000031c  0000031c  00000000  RWIX
  PRU_ECAP              00030000   00000060  00000000  00000060  RWIX
  RSVD27                00032000   00000100  00000000  00000100  RWIX
  RSVD21                00032400   00000100  00000000  00000100  RWIX
  L3OCMC                40000000   00010000  00000000  00010000  RWIX
  MCASP0_DMA            46000000   00000100  00000000  00000100  RWIX
  UART1                 48022000   00000088  00000000  00000088  RWIX
  UART2                 48024000   00000088  00000000  00000088  RWIX
  I2C1                  4802a000   000000d8  00000000  000000d8  RWIX
  MCSPI0                48030000   000001a4  00000000  000001a4  RWIX
  DMTIMER2              48040000   0000005c  00000000  0000005c  RWIX
  MMCHS0                48060000   00000300  00000000  00000300  RWIX
  MBX0                  480c8000   00000140  00000000  00000140  RWIX
  SPINLOCK              480ca000   00000880  00000000  00000880  RWIX
  I2C2                  4819c000   000000d8  00000000  000000d8  RWIX
  MCSPI1                481a0000   000001a4  00000000  000001a4  RWIX
  DCAN0                 481cc000   000001e8  00000000  000001e8  RWIX
  DCAN1                 481d0000   000001e8  00000000  000001e8  RWIX
  PWMSS0                48300000   000002c4  00000000  000002c4  RWIX
  PWMSS1                48302000   000002c4  00000000  000002c4  RWIX
  PWMSS2                48304000   000002c4  00000000  000002c4  RWIX
  RSVD13                48310000   00000100  00000000  00000100  RWIX
  RSVD10                48318000   00000100  00000000  00000100  RWIX
  TPCC                  49000000   00001098  00000000  00001098  RWIX
  GEMAC                 4a100000   0000128c  00000000  0000128c  RWIX
  DDR                   80000000   00000100  00000000  00000100  RWIX


SECTION ALLOCATION MAP

 output                                  attributes/
section   page    origin      length       input sections
--------  ----  ----------  ----------   ----------------
.text:_c_int00* 
*          0    00000000    00000014     
                  00000000    00000014     rtspruv3_le.lib : boot_special.obj (.text:_c_int00_noinit_noargs_noexit)

.text      0    00000014    0000051c     
                  00000014    000001dc     test_pattern.object (.text:load_test_pattern)
                  000001f0    000000d4     pru1_pixel_driver.object (.text:iep_timer_config)
                  000002c4    000000d0     pru1_pixel_driver.object (.text:main_loop)
                  00000394    00000070     pru1_pixel_driver.object (.text:iep_timer_wait)
                  00000404    00000050     pru1_pixel_driver.object (.text:iep_timer_start)
                  00000454    0000004c     pru1_pixel_driver.object (.text:shift_scanline)
                  000004a0    00000044     pru1_pixel_driver.object (.text:main)
                  000004e4    00000020     pru1_pixel_driver.object (.text:set_line_output)
                  00000504    00000010     pru1_pixel_driver.object (.text:config_ocp)
                  00000514    0000000c     test_pattern.object (.text:get_frame_buffer)
                  00000520    00000008     rtspruv3_le.lib : exit.obj (.text:abort)
                  00000528    00000008                     : exit.obj (.text:loader_exit)

.stack     1    00000000    00000100     UNINITIALIZED
                  00000000    00000004     rtspruv3_le.lib : boot.obj (.stack)
                  00000004    000000fc     --HOLE--

.resource_table 
*          1    00000100    00000034     
                  00000100    00000034     pru1_pixel_driver.object (.resource_table:retain)

.bss       1    0000015a    00000002     UNINITIALIZED
                  0000015a    00000002     (.common:scanlen)

.data      1    00000154    00000006     
                  00000154    00000004     test_pattern.object (.data)
                  00000158    00000002     pru1_pixel_driver.object (.data:pru_intc_map)

.cinit     1    00000000    00000000     UNINITIALIZED

.rodata    1    00000134    00000020     
                  00000134    00000020     pru1_pixel_driver.object (.rodata:line_setting)

.other_dram 
*          1    00002000    00002000     
                  00002000    00002000     test_pattern.object (.other_dram)

.share_buff 
*          2    00010000    00002800     UNINITIALIZED
                  00010000    00002800     pru1_pixel_driver.object (.share_buff)

.creg.PRU_INTC.noload.near 
*          2    00020000    00000000     NOLOAD SECTION

.creg.PRU_INTC.near 
*          2    00020000    00000000     UNINITIALIZED

.creg.PRU_INTC.noload.far 
*          2    00020000    00001504     NOLOAD SECTION
                  00020000    00001504     pru1_pixel_driver.object (.creg.PRU_INTC.noload.far)

.creg.PRU_INTC.far 
*          2    00021504    00000000     UNINITIALIZED

.creg.PRU_CFG.noload.near 
*          2    00026000    00000044     NOLOAD SECTION
                  00026000    00000044     pru1_pixel_driver.object (.creg.PRU_CFG.noload.near)

.creg.PRU_CFG.near 
*          2    00026044    00000000     UNINITIALIZED

.creg.PRU_CFG.noload.far 
*          2    00026044    00000000     NOLOAD SECTION

.creg.PRU_CFG.far 
*          2    00026044    00000000     UNINITIALIZED

.creg.PRU_IEP.noload.near 
*          2    0002e000    00000000     NOLOAD SECTION

.creg.PRU_IEP.near 
*          2    0002e000    00000000     UNINITIALIZED

.creg.PRU_IEP.noload.far 
*          2    0002e000    0000031c     NOLOAD SECTION
                  0002e000    0000031c     pru1_pixel_driver.object (.creg.PRU_IEP.noload.far)

.creg.PRU_IEP.far 
*          2    0002e31c    00000000     UNINITIALIZED


SEGMENT ATTRIBUTES

    id tag      seg value
    -- ---      --- -----
     0 PHA_PAGE 1   1    
     1 PHA_PAGE 2   1    
     2 PHA_PAGE 3   1    
     3 PHA_PAGE 4   1    
     4 PHA_PAGE 5   1    
     5 PHA_PAGE 6   2    


GLOBAL SYMBOLS: SORTED ALPHABETICALLY BY Name 

page  address   name                               
----  -------   ----                               
0     00000528  C$$EXIT                            
2     00026000  CT_CFG                             
2     0002e000  CT_IEP                             
2     00020000  CT_INTC                            
abs   481cc000  __PRU_CREG_BASE_DCAN0              
abs   481d0000  __PRU_CREG_BASE_DCAN1              
abs   80000000  __PRU_CREG_BASE_DDR                
abs   48040000  __PRU_CREG_BASE_DMTIMER2           
abs   4a100000  __PRU_CREG_BASE_GEMAC              
abs   4802a000  __PRU_CREG_BASE_I2C1               
abs   4819c000  __PRU_CREG_BASE_I2C2               
abs   40000000  __PRU_CREG_BASE_L3OCMC             
abs   480c8000  __PRU_CREG_BASE_MBX0               
abs   46000000  __PRU_CREG_BASE_MCASP0_DMA         
abs   48030000  __PRU_CREG_BASE_MCSPI0             
abs   481a0000  __PRU_CREG_BASE_MCSPI1             
abs   48060000  __PRU_CREG_BASE_MMCHS0             
abs   00026000  __PRU_CREG_BASE_PRU_CFG            
abs   00000000  __PRU_CREG_BASE_PRU_DMEM_0_1       
abs   00002000  __PRU_CREG_BASE_PRU_DMEM_1_0       
abs   00030000  __PRU_CREG_BASE_PRU_ECAP           
abs   0002e000  __PRU_CREG_BASE_PRU_IEP            
abs   00020000  __PRU_CREG_BASE_PRU_INTC           
abs   00010000  __PRU_CREG_BASE_PRU_SHAREDMEM      
abs   00028000  __PRU_CREG_BASE_PRU_UART           
abs   48300000  __PRU_CREG_BASE_PWMSS0             
abs   48302000  __PRU_CREG_BASE_PWMSS1             
abs   48304000  __PRU_CREG_BASE_PWMSS2             
abs   48318000  __PRU_CREG_BASE_RSVD10             
abs   48310000  __PRU_CREG_BASE_RSVD13             
abs   00032400  __PRU_CREG_BASE_RSVD21             
abs   00032000  __PRU_CREG_BASE_RSVD27             
abs   480ca000  __PRU_CREG_BASE_SPINLOCK           
abs   49000000  __PRU_CREG_BASE_TPCC               
abs   48022000  __PRU_CREG_BASE_UART1              
abs   48024000  __PRU_CREG_BASE_UART2              
abs   0000000e  __PRU_CREG_DCAN0                   
abs   0000000f  __PRU_CREG_DCAN1                   
abs   0000001f  __PRU_CREG_DDR                     
abs   00000001  __PRU_CREG_DMTIMER2                
abs   00000009  __PRU_CREG_GEMAC                   
abs   00000002  __PRU_CREG_I2C1                    
abs   00000011  __PRU_CREG_I2C2                    
abs   0000001e  __PRU_CREG_L3OCMC                  
abs   00000016  __PRU_CREG_MBX0                    
abs   00000008  __PRU_CREG_MCASP0_DMA              
abs   00000006  __PRU_CREG_MCSPI0                  
abs   00000010  __PRU_CREG_MCSPI1                  
abs   00000005  __PRU_CREG_MMCHS0                  
abs   00000004  __PRU_CREG_PRU_CFG                 
abs   00000018  __PRU_CREG_PRU_DMEM_0_1            
abs   00000019  __PRU_CREG_PRU_DMEM_1_0            
abs   00000003  __PRU_CREG_PRU_ECAP                
abs   0000001a  __PRU_CREG_PRU_IEP                 
abs   00000000  __PRU_CREG_PRU_INTC                
abs   0000001c  __PRU_CREG_PRU_SHAREDMEM           
abs   00000007  __PRU_CREG_PRU_UART                
abs   00000012  __PRU_CREG_PWMSS0                  
abs   00000013  __PRU_CREG_PWMSS1                  
abs   00000014  __PRU_CREG_PWMSS2                  
abs   0000000a  __PRU_CREG_RSVD10                  
abs   0000000d  __PRU_CREG_RSVD13                  
abs   00000015  __PRU_CREG_RSVD21                  
abs   0000001b  __PRU_CREG_RSVD27                  
abs   00000017  __PRU_CREG_SPINLOCK                
abs   0000001d  __PRU_CREG_TPCC                    
abs   0000000b  __PRU_CREG_UART1                   
abs   0000000c  __PRU_CREG_UART2                   
1     00000100  __TI_STACK_END                     
abs   00000100  __TI_STACK_SIZE                    
abs   ffffffff  __binit__                          
abs   ffffffff  __c_args__                         
0     00000000  _c_int00_noinit_noargs_noexit      
1     00000000  _stack                             
0     00000520  abort                              
1     00000100  am335x_pru_remoteproc_ResourceTable
abs   ffffffff  binit                              
2     00010000  buffer                             
0     000001f0  iep_timer_config                   
0     00000404  iep_timer_start                    
0     00000394  iep_timer_wait                     
0     00000014  load_test_pattern                  
0     000004a0  main                               
0     000002c4  main_loop                          
1     00000158  pru_intc_map                       
1     0000015a  scanlen                            


GLOBAL SYMBOLS: SORTED BY Symbol Address 

page  address   name                               
----  -------   ----                               
0     00000000  _c_int00_noinit_noargs_noexit      
0     00000014  load_test_pattern                  
0     000001f0  iep_timer_config                   
0     000002c4  main_loop                          
0     00000394  iep_timer_wait                     
0     00000404  iep_timer_start                    
0     000004a0  main                               
0     00000520  abort                              
0     00000528  C$$EXIT                            
1     00000000  _stack                             
1     00000100  __TI_STACK_END                     
1     00000100  am335x_pru_remoteproc_ResourceTable
1     00000158  pru_intc_map                       
1     0000015a  scanlen                            
2     00010000  buffer                             
2     00020000  CT_INTC                            
2     00026000  CT_CFG                             
2     0002e000  CT_IEP                             
abs   00000000  __PRU_CREG_BASE_PRU_DMEM_0_1       
abs   00000000  __PRU_CREG_PRU_INTC                
abs   00000001  __PRU_CREG_DMTIMER2                
abs   00000002  __PRU_CREG_I2C1                    
abs   00000003  __PRU_CREG_PRU_ECAP                
abs   00000004  __PRU_CREG_PRU_CFG                 
abs   00000005  __PRU_CREG_MMCHS0                  
abs   00000006  __PRU_CREG_MCSPI0                  
abs   00000007  __PRU_CREG_PRU_UART                
abs   00000008  __PRU_CREG_MCASP0_DMA              
abs   00000009  __PRU_CREG_GEMAC                   
abs   0000000a  __PRU_CREG_RSVD10                  
abs   0000000b  __PRU_CREG_UART1                   
abs   0000000c  __PRU_CREG_UART2                   
abs   0000000d  __PRU_CREG_RSVD13                  
abs   0000000e  __PRU_CREG_DCAN0                   
abs   0000000f  __PRU_CREG_DCAN1                   
abs   00000010  __PRU_CREG_MCSPI1                  
abs   00000011  __PRU_CREG_I2C2                    
abs   00000012  __PRU_CREG_PWMSS0                  
abs   00000013  __PRU_CREG_PWMSS1                  
abs   00000014  __PRU_CREG_PWMSS2                  
abs   00000015  __PRU_CREG_RSVD21                  
abs   00000016  __PRU_CREG_MBX0                    
abs   00000017  __PRU_CREG_SPINLOCK                
abs   00000018  __PRU_CREG_PRU_DMEM_0_1            
abs   00000019  __PRU_CREG_PRU_DMEM_1_0            
abs   0000001a  __PRU_CREG_PRU_IEP                 
abs   0000001b  __PRU_CREG_RSVD27                  
abs   0000001c  __PRU_CREG_PRU_SHAREDMEM           
abs   0000001d  __PRU_CREG_TPCC                    
abs   0000001e  __PRU_CREG_L3OCMC                  
abs   0000001f  __PRU_CREG_DDR                     
abs   00000100  __TI_STACK_SIZE                    
abs   00002000  __PRU_CREG_BASE_PRU_DMEM_1_0       
abs   00010000  __PRU_CREG_BASE_PRU_SHAREDMEM      
abs   00020000  __PRU_CREG_BASE_PRU_INTC           
abs   00026000  __PRU_CREG_BASE_PRU_CFG            
abs   00028000  __PRU_CREG_BASE_PRU_UART           
abs   0002e000  __PRU_CREG_BASE_PRU_IEP            
abs   00030000  __PRU_CREG_BASE_PRU_ECAP           
abs   00032000  __PRU_CREG_BASE_RSVD27             
abs   00032400  __PRU_CREG_BASE_RSVD21             
abs   40000000  __PRU_CREG_BASE_L3OCMC             
abs   46000000  __PRU_CREG_BASE_MCASP0_DMA         
abs   48022000  __PRU_CREG_BASE_UART1              
abs   48024000  __PRU_CREG_BASE_UART2              
abs   4802a000  __PRU_CREG_BASE_I2C1               
abs   48030000  __PRU_CREG_BASE_MCSPI0             
abs   48040000  __PRU_CREG_BASE_DMTIMER2           
abs   48060000  __PRU_CREG_BASE_MMCHS0             
abs   480c8000  __PRU_CREG_BASE_MBX0               
abs   480ca000  __PRU_CREG_BASE_SPINLOCK           
abs   4819c000  __PRU_CREG_BASE_I2C2               
abs   481a0000  __PRU_CREG_BASE_MCSPI1             
abs   481cc000  __PRU_CREG_BASE_DCAN0              
abs   481d0000  __PRU_CREG_BASE_DCAN1              
abs   48300000  __PRU_CREG_BASE_PWMSS0             
abs   48302000  __PRU_CREG_BASE_PWMSS1             
abs   48304000  __PRU_CREG_BASE_PWMSS2             
abs   48310000  __PRU_CREG_BASE_RSVD13             
abs   48318000  __PRU_CREG_BASE_RSVD10             
abs   49000000  __PRU_CREG_BASE_TPCC               
abs   4a100000  __PRU_CREG_BASE_GEMAC              
abs   80000000  __PRU_CREG_BASE_DDR                
abs   ffffffff  __binit__                          
abs   ffffffff  __c_args__                         
abs   ffffffff  binit                              

[86 symbols]
